exports[`Component: GroupList renders a snapshot 1`] = `
<ul>
  <li>
    <a
      href="#"
      onClick={[Function]}>
      cashiers
    </a>
  </li>
  <li>
    <a
      href="#"
      onClick={[Function]}>
      storage
    </a>
  </li>
</ul>
`;
