exports[`Component: GroupItem renders a snapshot 1`] = `
<li>
  Cashiers
</li>
`;
