exports[`Component: GroupItem renders a snapshot 1`] = `
<li>
  <a
    href="#"
    onClick={[Function]}>
    Cashiers
  </a>
</li>
`;
